> mobile-expo@1.0.0 test:logic
> node --disable-warning=MODULE_TYPELESS_PACKAGE_JSON --test --test-concurrency=1 tests/*.test.mjs

✔ reads the pending queue with the access token and the status filter (22.836946ms)
✔ passes the offset when a later page is requested (0.533677ms)
✔ maps an empty queue (1.034947ms)
✔ keeps the rejection reason only while the request is rejected (0.516956ms)
✔ asks for the id card evidence of one request only (0.479606ms)
✔ refuses an evidence link that is not https (0.707497ms)
✔ sends an approval without a reason (0.512349ms)
✔ sends a rejection together with its reason (0.444752ms)
✔ reports who already reviewed a request that comes back as a conflict (0.642578ms)
✔ reports the field error when the reason is refused by the backend (0.681533ms)
✔ maps the http status of a refused request to an error kind (0.797954ms)
✔ never leaks the raw backend message to the caller (0.27263ms)
✔ a network failure is reported as a network error (0.266571ms)
✔ reports the service as unavailable when no api origin is configured (0.16671ms)
✔ rejects an api origin that is not http or https (0.163674ms)
✔ an abort is passed through instead of being reported as a network error (0.246107ms)
✔ accepts the exact configured callback and extracts a Supabase session (1.417502ms)
✔ rejects callback lookalikes before reading credentials (0.204432ms)
✔ accepts a web callback when it matches the current configured origin (0.174331ms)
✔ rejects web callbacks with a different origin, port, or path (0.158583ms)
✔ reports provider errors without returning raw callback details (0.169869ms)
✔ provider error in either query or fragment wins over token fields (0.143125ms)
✔ requires both tokens for the selected implicit callback flow (0.179839ms)
✔ starts Google OAuth once with the approved redirect and processes success (1.569414ms)
✔ native login opens the returned OAuth URL with the auth session browser (0.278492ms)
✔ web login uses Supabase browser redirect without opening a popup (0.208382ms)
✔ browser cancel is retryable and does not process a callback (0.24335ms)
✔ unexpected browser failure is distinct from user cancellation (0.213979ms)
✔ aborting dismisses the browser and ignores its later success (0.317798ms)
✔ unconfigured login ends loading without pretending to authenticate (1.128198ms)
✔ double press starts one operation; cancel allows retry and ignores old completion (0.304377ms)
✔ processing failure is distinct and raw exceptions never enter UI state (0.215254ms)
✔ adapter result cancelled releases loading (0.160329ms)
✔ adapter result oauth-error releases loading (0.137697ms)
✔ adapter result backend-error releases loading (0.12276ms)
✔ adapter result unauthorized releases loading (0.131835ms)
✔ adapter result forbidden releases loading (0.115431ms)
✔ adapter result network-error releases loading (0.919177ms)
✔ adapter result server-error releases loading (0.156099ms)
✔ adapter result success releases loading (0.156592ms)
✔ cancel aborts adapter and late progress cannot overwrite cancellation (0.191294ms)
✔ reset after logout allows a second Google login (0.185957ms)
✔ reset aborts a pending login and ignores its late result (0.157622ms)
✔ login returns to the chosen product once (1.78011ms)
✔ cancel clears a pending write and expiry prevents a later unrelated checkout (0.360383ms)
✔ storage cannot redirect to arbitrary URLs or invalid product IDs (0.645869ms)
✔ registers the Google account before reading /auth/me with the Supabase token (23.738208ms)
✔ maps backend 401 without exposing its response body (0.799801ms)
✔ maps backend 403 without exposing its response body (0.353544ms)
✔ maps backend 500 without exposing its response body (0.34992ms)
✔ maps transport failures and supports cancellation (0.391232ms)
✔ mock service returns a new user without assigning privileged roles (0.350647ms)
✔ sets a role with the token and maps the returned account through the shared mapper (0.725802ms)
✔ maps role save 409 separately (1.255832ms)
✔ maps role save 422 separately (0.41785ms)
✔ backend base URL is reduced to its http origin (0.932493ms)
✔ does not read /auth/me when account registration fails (0.493667ms)
✔ rejects a non-http backend origin (0.233092ms)
✔ ทางเข้าด้วยรหัสสินค้าเปิดเฉพาะ build พัฒนาที่ตั้งค่าไว้ชัดเจน (1.269262ms)
✔ ค่าตั้งต้นคือปิด เมื่อไม่ได้ตั้ง env (0.259726ms)
✔ build production เปิดไม่ได้แม้ตั้ง env มาเป็น true (0.208949ms)
✔ ค่าที่ไม่ใช่ true ทุกแบบถือว่าปิด (0.291984ms)
✔ create sends only product and address with the idempotency key (24.755881ms)
✔ money must be decimal strings from the server (1.05614ms)
✔ conflict carries backend code and existing order id (0.58884ms)
✔ validation errors are mapped to form field names (0.700981ms)
✔ status codes map to error kinds (2.263565ms)
✔ a slow server is reported as timeout, not as failure or success (20.690729ms)
✔ network failure and missing API configuration (0.692769ms)
✔ payment result and list parsing (1.160075ms)
✔ formatBaht formats server strings without floating point (0.330297ms)
✔ address validation mirrors the backend rules (0.453187ms)
✔ route ids accept only positive integers (0.177637ms)
✔ a response body that stalls after headers is reported as timeout (29.694281ms)
✔ caller abort while reading the body rejects without waiting for the timeout (9.928137ms)
✔ cancel posts to the order without an idempotency key and returns the new status (0.554548ms)
✔ the payment deadline and cancel permission are read from the server only (0.290298ms)
✔ an unknown cancel reason is treated as a malformed response (0.412878ms)
✔ an expired order answers with a conflict carrying its code (0.34905ms)
✔ remaining time counts down and never goes negative (0.161787ms)
✔ สถานะใหม่จาก backend ไม่ทำให้หน้าคำสั่งซื้อพัง แต่กลายเป็น UNKNOWN (0.292686ms)
✔ สถานะใหม่ในรายการคำสั่งซื้อก็กลายเป็น UNKNOWN เหมือนกัน (0.396158ms)
✔ สถานะที่ไม่ใช่ข้อความยังถือว่า backend ตอบผิดรูปแบบ (0.301276ms)
✔ ข้อความสถานะกลางถูกใช้แทนค่าว่างเสมอ (0.134938ms)
✔ เศษวินาทีสุดท้ายยังต้องนับว่ายังไม่หมดเวลา (0.089379ms)
✔ deadlineAt ให้เวลาดิบไว้ให้หน้าจอตัดสินเอง (0.061578ms)
✔ opening checkout loads the server quote and never creates an order by itself (1.598415ms)
✔ invalid address is rejected locally without calling the server (0.68864ms)
✔ double tap creates only one request and success exposes the order id (0.558616ms)
✔ timeout keeps the same key and payload for the retry and does not claim success (0.720355ms)
✔ a fresh checkout uses a fresh idempotency key (0.516902ms)
✔ product taken by someone else and already ordered by me (0.463967ms)
✔ quote reports already ordered with the existing order (0.275206ms)
✔ session expiry refreshes the token once, then reports unauthorized (0.419169ms)
✔ switching account clears checkout data and ignores late responses (0.369253ms)
✔ failed payment keeps the order payable and the next attempt uses a new key (1.041586ms)
✔ pay button double tap sends one request; paid orders cannot be paid again (0.378328ms)
✔ timeout checks the real status first and reports success only when the server says PAID (0.324243ms)
✔ timeout with still-unpaid order stays uncertain and retries with the same key (0.399084ms)
✔ already paid conflict refreshes the order instead of showing stale status (0.264417ms)
✔ receipt loading and forbidden/not-found orders (0.401707ms)
✔ logout clears order, payment state and receipt (0.183736ms)
✔ list paginates, dedupes and refreshes (1.083437ms)
✔ empty list, errors and account switch (9.041856ms)
✔ pagination advances by server offset even when new orders are inserted meanwhile (0.657043ms)
✔ an empty page ends pagination even if total says there is more (0.252894ms)
✔ cancelling shows the cancelled order returned by the server (0.358193ms)
✔ cancel is never sent when the server says the order cannot be cancelled (0.146359ms)
✔ double tap on cancel sends one request only (0.164037ms)
✔ a conflict while cancelling shows the real status instead of a stale one (0.183486ms)
✔ an order cancelled by the deadline keeps its reason and blocks paying (0.149622ms)
✔ logging out clears a cancel error (0.136744ms)
✔ การรีเฟรชที่มาช้าต้องไม่ลบผลการยกเลิกที่สำเร็จแล้ว (0.260803ms)
✔ การรีเฟรชที่มาช้าต้องไม่ลบผลการจ่ายเงินที่สำเร็จแล้ว (0.226482ms)
✔ Seller purchase/sales switch clears old rows and discards an in-flight response from the old view (2.927144ms)
✔ mock products are available only when mock mode is selected explicitly (208.844964ms)
✔ the mock seed has 6-8 products (199.921029ms)
✔ the mock seed includes at least one non-AVAILABLE product excluded from the public list (200.006177ms)
✔ fetching the cancelled mock product by id reports not-found, like a real 404 (200.491781ms)
✔ the mock seed includes a product whose image url is unreachable, for placeholder testing (200.928835ms)
✔ mock search filters by product name, case-insensitively, among available products only (200.957825ms)
✔ mock search with no match returns an empty page, not an error (201.350993ms)
✔ mock pagination meta is consistent with page size and has_next (400.191599ms)
✔ mock rejects an out-of-range page or page_size like the real API would (401.526371ms)
✔ getProduct returns a full detail for a visible mock product (200.064242ms)
✔ an unknown mock id reports not-found (200.867062ms)
✔ the EAS production profile selects the real service when its API URL is configured (24.723094ms)
✔ an API mode without a URL reports a configuration error instead of using mock data (0.283828ms)
✔ an invalid API URL reports a configuration error instead of using mock data (0.168614ms)
✔ mock mode must be selected explicitly and remains mock even when an API URL exists (201.005581ms)
✔ production refuses explicitly requested mock mode and reports unavailable (0.34161ms)
✔ the service default fails closed when both mode and API URL are absent (0.198846ms)
✔ condition codes map to the agreed Thai labels (0.183386ms)
✔ a list response decodes items and meta from the {data, meta} envelope (0.749559ms)
✔ an empty query string is not sent as a q parameter (0.405582ms)
✔ a detail response decodes the full product from the {data} envelope (0.659614ms)
✔ a future condition remains readable without inventing a known condition (0.455916ms)
✔ price that is not a decimal string is treated as a malformed backend response (0.44043ms)
✔ a 404 maps to not-found and carries the backend code and request id (0.513061ms)
✔ a 422 maps field errors from the error envelope (0.454639ms)
✔ status codes map to the expected error kinds (0.808977ms)
✔ a slow server is reported as timeout, not as failure or success (20.134921ms)
✔ network failure is reported distinctly from a missing API configuration (0.38544ms)
✔ caller abort rejects without waiting for the timeout (10.873887ms)
✔ category changes discard old pages and ignore stale responses (2.048918ms)
✔ an old request cannot appear under a newly typed search during debounce (1.287327ms)
✔ initial load fetches page 1 with the current query (0.276952ms)
✔ setQuery does not call the service until the debounce delay elapses (0.322602ms)
✔ typing again before the debounce fires restarts the timer and only searches the latest text (0.2669ms)
✔ changing the search query always resets to page 1 and replaces the items (0.396922ms)
✔ a stale response from an earlier query never overwrites the current query results (0.34006ms)
✔ loadMore appends the next page and deduplicates by id (0.276792ms)
✔ loadMore is a no-op once has_next is false (3.462357ms)
✔ a stale loadMore response from a query the user has since left is discarded (0.51019ms)
✔ calling loadMore again while the next page is already loading does not send a second request (0.241946ms)
✔ a failed loadMore keeps existing items, reports an error, and retry resumes the same page (append, not replace) (0.337271ms)
✔ refresh re-fetches page 1 immediately, without waiting for the debounce (0.17347ms)
✔ a network error is reported without losing the ability to retry (0.200062ms)
✔ a pending debounced search is cancelled by an immediate refresh (0.179959ms)
✔ subscribers are notified as the state changes (0.211003ms)
✔ refresh while loading with a pending debounced query fetches the new query instead of dropping it (0.255373ms)
✔ refresh while already refreshing with a pending debounced query fetches the new query (0.240556ms)
✔ opening a product id loads it and reports success (1.670261ms)
✔ a 404 from the service is reported as not-available, distinct from a generic error (0.267655ms)
✔ not-available is never confused with a network error (0.200973ms)
✔ a network/server error can be retried and a successful retry returns to success (0.26829ms)
✔ opening a new id discards a slow response for the previous id (0.245132ms)
✔ opening a new id clears the previous product immediately, before the fetch resolves (0.208475ms)
✔ an invalid id is reported as not-available without calling the service (0.224512ms)
✔ retry does nothing for an invalid id (0.176317ms)
✔ subscribers are notified as the state changes (0.308198ms)
✔ loads the product for the given id (2.061297ms)
✔ an unknown id is reported as not found, not as a load error (0.22567ms)
✔ a failed load keeps loading closed and reports a retryable error (0.296559ms)
✔ retry does nothing without a prior open (0.118086ms)
✔ opening a new id discards a slow response from the previous id (0.390131ms)
✔ opening a new id clears the previous product immediately, before the fetch resolves (0.267565ms)
✔ submitting updates the product and reports success (0.391179ms)
✔ a second submit press while one is in flight does not send a second request (0.253194ms)
✔ a failed submit keeps the form usable and reports the error (0.315932ms)
✔ subscribers are notified as the state changes (0.414181ms)
✔ passes access token to getProductById on open and retry (0.306517ms)
✔ captures submitErrorMessage and submitFieldErrors on validation error (0.263389ms)
✔ cancels product with access token and reports success or error (0.459319ms)
✔ update timeout refetches owner detail before allowing another submit (0.297232ms)
✔ cancel timeout refetches changed status and blocks another cancel (0.20819ms)
✔ an empty name is rejected (1.126131ms)
✔ a whitespace-only name is rejected (0.166759ms)
✔ price "" is rejected (0.172332ms)
✔ price "0" is rejected (0.089792ms)
✔ price "-5" is rejected (0.114596ms)
✔ price "abc" is rejected (0.124829ms)
✔ a valid name and price pass validation (0.559622ms)
✔ price follows the backend decimal text contract (0.157791ms)
✔ description and size are required and enforce backend lengths (0.17993ms)
✔ category is required when categories options are provided (0.211161ms)
✔ invalid categoryId not in categories is rejected (0.165921ms)
✔ brand is required when brands options are provided and brandId is missing or invalid (0.119691ms)
✔ valid categoryId and brandId matching options pass validation (0.093873ms)
✔ a valid form reports both fields missing together (0.093571ms)
✔ requires 1 to 10 images and rejects unsupported or oversized files before upload (0.149646ms)
✔ addProductImage pure helper appends the new image url to form values (0.196136ms)
✔ uploadProductImage returns url without error on success (0.143432ms)
✔ uploadProductImage returns error without throwing on failure (0.135298ms)
✔ uploadProductImage shows an actionable session error (0.142592ms)
✔ a successful upload appends the new image url (0.139694ms)
✔ a failed upload keeps the existing images and reports an error (0.1176ms)
✔ functional update appends uploaded image without overwriting edits made while upload was in flight (0.145924ms)
✔ failed upload updates error only and does not overwrite edits made while upload was in flight (0.146897ms)
✔ mock build uploads and creates only in memory even when the EAS environment has an API URL (405.863585ms)
✔ loads seller products with bearer token and keeps pagination and statuses (20.180197ms)
✔ owner edit read does not fall back to public product after an expired session (0.721203ms)
✔ real create refuses missing image upload metadata before sending (0.757343ms)
✔ create and edit send exact decimal text and required seller fields (1.011646ms)
✔ create and edit reject missing description or size before sending (0.310889ms)
✔ create timeout covers response headers and body (21.377176ms)
✔ image upload timeout covers response body (9.956608ms)
✔ missing API configuration fails closed for product and image writes (0.649698ms)
✔ an empty reason is refused (0.765702ms)
✔ a reason shorter than the minimum is refused (0.163332ms)
✔ a reason longer than the column is refused (0.117967ms)
✔ a usable reason passes (0.115648ms)
✔ the backend field error is mapped back to the reason input (0.158016ms)
✔ nothing is loaded until an admin account owns the store (1.737859ms)
✔ loads the pending queue for the signed in admin (0.666817ms)
✔ an empty queue is a loaded state, not an error (0.199716ms)
✔ a failed load is reported and can be retried (0.401375ms)
✔ an account without the admin role never loads request data (0.474109ms)
✔ changing account drops the previous admin data (0.219187ms)
✔ switching the status filter reloads the queue for that status (0.322501ms)
✔ the id card link is only fetched when the admin asks for it (0.343845ms)
✔ evidence the api refuses is reported without hiding the request (0.366376ms)
✔ selecting another request drops the evidence of the previous one (0.357756ms)
✔ approving sends the decision and refreshes the queue from the backend (0.467197ms)
✔ rejecting sends the trimmed reason and refreshes the queue (0.296573ms)
✔ rejecting without a reason never reaches the backend (0.141252ms)
✔ rejecting with only spaces or a too short reason never reaches the backend (0.203461ms)
✔ typing a reason clears the earlier reason error (0.0968ms)
✔ a second tap while saving does not send a second decision (0.200935ms)
✔ the selection cannot change while a decision is being saved (0.164249ms)
✔ a request another admin already reviewed is reported and the queue is refreshed (0.296532ms)
✔ a decision that fails on the network keeps the request selected for another try (0.240493ms)
✔ an expired token is refreshed once before the decision is retried (0.386162ms)
✔ a session that cannot be refreshed reports unauthorized without calling the backend twice (0.375121ms)
✔ a queue load while one is already running is ignored (0.202543ms)
✔ 401 refreshes the Supabase session once before retrying GET /me (1.37972ms)
✔ 403 does not refresh or loop login (0.52066ms)
✔ failed refresh ends as unauthorized (0.211836ms)
✔ role save refreshes once on 401 and returns the retry response (0.213485ms)
✔ does not create or cache a static web client and uses browser storage at runtime (134.255853ms)
✔ an empty form reports every required field (1.78537ms)
✔ a complete form has no errors and normalises the account number (0.292731ms)
✔ whitespace only values are rejected per field (0.210935ms)
✔ account number "12345" is rejected because it is สั้นเกินไป (0.148008ms)
✔ account number "1234567890123456" is rejected because it is ยาวเกินไป (0.144189ms)
✔ account number "12345abcde" is rejected because it is มีตัวอักษร (0.132567ms)
✔ only image types the backend accepts are allowed (0.258819ms)
✔ an oversized image is caught before it is uploaded (0.185869ms)
✔ an image without a known size is left for the backend to check (0.291016ms)
✔ backend field errors are mapped onto form fields and unknown names dropped (0.475317ms)
✔ a form without an attached image cannot be turned into a request (0.159414ms)
✔ reads the current request from the backend with the access token (27.763199ms)
✔ maps a not submitted response (0.566676ms)
✔ keeps the rejection reason only while the request is rejected (0.695991ms)
✔ submits the form as multipart without leaking the token into the URL (1.362325ms)
✔ sends the web File object when the picker provides one (0.810058ms)
✔ maps backend 401 without exposing its response body (0.662331ms)
✔ maps backend 403 without exposing its response body (0.297465ms)
✔ maps backend 409 without exposing its response body (0.28351ms)
✔ maps backend 500 without exposing its response body (0.378968ms)
✔ maps backend 503 without exposing its response body (0.419218ms)
✔ exposes per field errors from a 422 response (0.590178ms)
✔ maps transport failures to a network error (0.295826ms)
✔ propagates aborts instead of reporting a network error (0.255428ms)
✔ rejects an unknown status instead of showing it to the seller (0.341738ms)
✔ reports an unconfigured API as unavailable and never calls fetch (0.169835ms)
✔ backend base URL is reduced to its http origin (0.327199ms)
✔ rejects a non-http backend origin (0.147895ms)
✔ nothing is loaded until an account owns the store (2.246139ms)
✔ loads the current request for the signed in seller (0.748581ms)
✔ a failed load keeps a retryable error and recovers on retry (0.745476ms)
✔ refresh keeps the current record visible while it reloads (0.867553ms)
✔ a 401 refreshes the session once and retries with the new token (1.667162ms)
✔ a failed session refresh ends as unauthorized without looping (0.568409ms)
✔ submitting stores the pending result returned by the backend (1.025969ms)
✔ invalid fields are reported without calling the backend (1.372462ms)
✔ a second press while submitting does not send a second request (0.532214ms)
✔ a pending request blocks another submission locally (0.653762ms)
✔ an approved request also blocks resubmission (0.472196ms)
✔ a rejected request can be sent again and shows its reason until then (0.527301ms)
✔ a 409 from the backend reloads the status the backend already holds (0.788318ms)
✔ backend field errors from a 422 land on the matching inputs (0.45817ms)
✔ logging out clears the request data (0.325952ms)
✔ switching accounts never shows the previous account data (0.339333ms)
✔ a submission answered after an account switch is discarded (0.275697ms)
✔ subscribers are notified as the state changes (0.386634ms)
ℹ tests 296
ℹ suites 0
ℹ pass 296
ℹ fail 0
ℹ cancelled 0
ℹ skipped 0
ℹ todo 0
ℹ duration_ms 7755.168232
