Using src/app as the root directory for Expo Router.
React Compiler enabled
Starting Metro Bundler

Static rendering is enabled. Learn more: https://docs.expo.dev/router/web/static-rendering/
| (node:68587) Warning: The 'NO_COLOR' env is ignored due to the 'FORCE_COLOR' env being set.
| (Use `node --trace-warnings ...` to show where the warning was created)
Web Bundled 2057ms node_modules/expo-router/entry.js (1399 modules)
λ Bundled 2182ms node_modules/expo/node_modules/@expo/cli/node_modules/@expo/router-server/node/render.js (1429 modules)

› web bundles (2):
_expo/static/css/global-35dd2bb4ca1204c93032c7954ae0814f.css (528B)
_expo/static/js/web/entry-ad9cd1e97dd7829c9ef7757f40481085.js (2.8MB)

› Static routes (24):
/sell (21KB)
/ (index) (21KB)
/login (21KB)
/explore (21KB)
/profile (21KB)
/_sitemap (20KB)
/+not-found (20KB)
/product/new (21KB)
/orders (21KB)
/product/mine (21KB)
/auth/callback (21KB)
/products/[id] (21KB)
/products (21KB)
/orders/[orderId] (21KB)
/buy-by-product-id (21KB)
/inspections (21KB)
/product/[id]/edit (21KB)
/receipt/[orderId] (21KB)
/admin-verifications (21KB)
/seller-verification (21KB)
/checkout/[productId] (21KB)
/inspections/[inspectionId] (21KB)
/orders/[orderId]/inspection (21KB)
/orders/[orderId]/ship-to-center (21KB)

Exported: dist/wondee-web
